BMLogic-Bench Axiom Instance Generator
======================================

Generating axiom instances...
  Generated 724 unique instances (all arities)
Selecting top-3 lowest-complexity per constructor...
  Selected 110 instances (target: 126 = 42 x 3)
  Axiom coverage: 42/42 constructors
  Tier distribution (pre-labeling):
    easy (≤3): 3
    medium (4-6): 37
    hard (7-9): 16
    very_hard (≥10): 54

Labeling instances via axiom matching...
  Labeling complete: 97 valid, 13 invalid, 0 timeout
  Axiom-matched: 110, Fallback: 0
  Constructors with valid instances: 37/42

Writing JSONL to /home/benjamin/Projects/BimodalLogic/specs/291_upgrade_lean_toolchain_to_v431_and_mathlib/baseline/exe/axiom-instances.jsonl...
  Wrote 110 records

Summary
=======
  Total instances generated: 724
  Selected (top-3 per constructor): 110
  Valid: 97
  Invalid: 13
  Timeout: 0
  Coverage: 42/42 axiom constructors
  Axiom-matched: 110 (100%)

Done!
