Theories/Bimodal/Automation/DatasetExport.lean:1220:34: warning: `String.trimLeft` has been deprecated: Use `String.trimAsciiStart` instead

Note: The updated constant has a different type:
  String → String.Slice
instead of
  String → String
BMLogic Dataset Generator
========================
Max complexity: 3
Max modal depth: 2
Max temporal depth: 2
Max formulas: unlimited
Valid seed count: 500
Output: /home/benjamin/Projects/BimodalLogic/specs/291_upgrade_lean_toolchain_to_v431_and_mathlib/baseline/exe/dataset.jsonl
Include duals: false
Frame class: Base
Wall-clock timeout: 1000ms
Generation mode: exhaustive

Generating formulas...
[gen] Starting formula enumeration (exhaustive mode, max complexity 3)...
[enum] Level 1/3: 0 formulas (cumulative: 0), 0s elapsed, 0 formulas/sec, ETA: 0s
[enum] Level 2/3: 0 formulas (cumulative: 0), 0s elapsed, 0 formulas/sec, ETA: 0s
[enum] Level 3/3: 684 formulas (cumulative: 684), 0s elapsed, 684 formulas/sec, ETA: 0s
[gen] Enumeration complete: 684 formulas in 0s
[gen] Starting valid-seed generation (500 seeds)...
[valid] Seeding: 50/500 axiom instances, pool: 38 unique, 0s elapsed
[valid] Seeding: 100/500 axiom instances, pool: 64 unique, 0s elapsed
[valid] Seeding: 150/500 axiom instances, pool: 83 unique, 0s elapsed
[valid] Seeding: 200/500 axiom instances, pool: 98 unique, 0s elapsed
[valid] Seeding: 250/500 axiom instances, pool: 114 unique, 0s elapsed
[valid] Seeding: 300/500 axiom instances, pool: 126 unique, 0s elapsed
[valid] Seeding: 350/500 axiom instances, pool: 140 unique, 0s elapsed
[valid] Seeding: 400/500 axiom instances, pool: 145 unique, 0s elapsed
[valid] Seeding: 450/500 axiom instances, pool: 151 unique, 0s elapsed
[valid] Seeding: 500/500 axiom instances, pool: 155 unique, 0s elapsed
[valid] Closure round 1: pool 191 -> 191 (+0, 0% growth), 0s elapsed
[valid] Closure converged at round 1 (0% growth < 1%)
[gen] Valid-seed generation complete: 5 valid formulas in 0s
[gen] Total: 689 unique formulas after deduplication
  Generated 689 unique formulas
Writing checkpoint file: /home/benjamin/Projects/BimodalLogic/specs/291_upgrade_lean_toolchain_to_v431_and_mathlib/baseline/exe/dataset.checkpoint...
  Wrote 689 formulas to checkpoint
Deduplicated 689 -> 321 formulas (2.1x reduction)
Labeling and streaming 321 formulas to /home/benjamin/Projects/BimodalLogic/specs/291_upgrade_lean_toolchain_to_v431_and_mathlib/baseline/exe/dataset.jsonl...
[label] Starting labeling of 321 formulas...
[cache] Cache: 0 hits, 321 misses, 0% hit rate, 0 evictions, 321 entries
[label] Labeling complete: 321 formulas in 0s (1253 formulas/sec)
[mem] VmPeak:	 4746168 kB
[mem] VmRSS:	 1838108 kB

Batch Statistics:
  Labeled: 321
  Valid: 3 (0%)
  Invalid: 318
  Timeout: 0 (0%)
  Avg decision time: 0ms

  Wrote 321 records to /home/benjamin/Projects/BimodalLogic/specs/291_upgrade_lean_toolchain_to_v431_and_mathlib/baseline/exe/dataset.jsonl
  Wrote metadata file
  Cleaned up checkpoint file: /home/benjamin/Projects/BimodalLogic/specs/291_upgrade_lean_toolchain_to_v431_and_mathlib/baseline/exe/dataset.checkpoint

Feasibility Checks:
  Timeout rate: 0% (target: <20%)
  Valid fraction: 0% (target: >=30%)
  Category diversity: 4 categories

Done!
