[proof-first] Starting generation with config: { seedCount := 1000,
  maxParamSize := 4,
  maxDepth := 2,
  maxPoolSize := 10000,
  atoms := [],
  frameClass := Bimodal.ProofSystem.FrameClass.Base,
  exFalsoCap := 1,
  exFalsoDenom := 5,
  layerUniform := true,
  dedupStrategy := Bimodal.Automation.DedupStrategy.shortestWins }
[proof-first] Generating proof pool...
[proof-first] Seeding: 100/1000, pool size: 81, elapsed: 7ms
[proof-first] Seeding: 200/1000, pool size: 163, elapsed: 11ms
[proof-first] Seeding: 300/1000, pool size: 239, elapsed: 17ms
[proof-first] Seeding: 400/1000, pool size: 310, elapsed: 19ms
[proof-first] Seeding: 500/1000, pool size: 383, elapsed: 21ms
[proof-first] Seeding: 600/1000, pool size: 461, elapsed: 30ms
[proof-first] Seeding: 700/1000, pool size: 536, elapsed: 32ms
[proof-first] Seeding: 800/1000, pool size: 612, elapsed: 34ms
[proof-first] Seeding: 900/1000, pool size: 688, elapsed: 37ms
[proof-first] Seeding: 1000/1000, pool size: 766, elapsed: 40ms
[proof-first] Ex-falso cap applied in 0ms, pool size: 766
[proof-first] depth=0 pool=6060 (+5294, 691% growth) elapsed=255ms
[proof-first] depth=1 pool=10000 (+3940, 65% growth) elapsed=1122ms
[proof-first] Generation complete: 10000 theorems in 1162ms
[proof-first] Pool size: 10000
[proof-first] Exporting 10000 records to /home/benjamin/Projects/BimodalLogic/specs/291_upgrade_lean_toolchain_to_v431_and_mathlib/baseline/exe/proof_first.jsonl
[proof-first] Done.
